[root@eispr-prt1-01 AI2]# ll
total 0
drwxrwxrwx 3 root root 75 Jul 10 13:49 ollama
[root@eispr-prt1-01 AI2]# cd ollama
[root@eispr-prt1-01 ollama]# ll
total 12
-rw-rw-rw- 1 root root 2199 Jul 10 13:49 history
-rw-rw-rw- 1 root root  387 May 22 13:08 id_ed25519
-rw-rw-rw- 1 root root   81 May 22 13:08 id_ed25519.pub
drwxrwxrwx 4 root root   36 May 26 15:04 models
[root@eispr-prt1-01 ollama]# pwd
/opt/apache-tomcat/AI2/ollama
[root@eispr-prt1-01 ollama]# export PATH=/opt/apache-tomcat/AI2/ollama/bin:$PATH
[root@eispr-prt1-01 ollama]# export OLLAMA_MODELS=/opt/apache-tomcat/AI2/ollama/models
[root@eispr-prt1-01 ollama]# ollama serve &
[2] 2007520
[root@eispr-prt1-01 ollama]# Error: listen tcp 127.0.0.1:11434: bind: address already in use
^C
[2]+  Exit 1                  ollama serve
[root@eispr-prt1-01 ollama]# ps -eaf | grep ollama
root     1484443 1153579  0 15:24 pts/0    00:00:00 ollama serve
root     2016249 1153579  0 15:43 pts/0    00:00:00 grep --color=auto ollama
[root@eispr-prt1-01 ollama]# kill -9 1484443
[root@eispr-prt1-01 ollama]# ps -eaf | grep ollama
root     2061146 1153579  0 15:44 pts/0    00:00:00 grep --color=auto ollama
[1]+  Killed                  ollama serve  (wd: /opt/apache-tomcat/AI_v2)
(wd now: /opt/apache-tomcat/AI2/ollama)
[root@eispr-prt1-01 ollama]# ollama serve &
[1] 2063482
[root@eispr-prt1-01 ollama]# time=2025-07-10T15:44:41.802+05:30 level=INFO source=routes.go:1234 msg="server config" env="map[CUDA_VISIBLE_DEVICES: GPU_DEVICE_ORDINAL: HIP_VISIBLE_DEVICES: HSA_OVERRIDE_GFX_VERSION: HTTPS_PROXY: HTTP_PROXY: NO_PROXY: OLLAMA_CONTEXT_LENGTH:4096 OLLAMA_DEBUG:INFO OLLAMA_FLASH_ATTENTION:false OLLAMA_GPU_OVERHEAD:0 OLLAMA_HOST:http://127.0.0.1:11434 OLLAMA_INTEL_GPU:false OLLAMA_KEEP_ALIVE:5m0s OLLAMA_KV_CACHE_TYPE: OLLAMA_LLM_LIBRARY: OLLAMA_LOAD_TIMEOUT:5m0s OLLAMA_MAX_LOADED_MODELS:0 OLLAMA_MAX_QUEUE:512 OLLAMA_MODELS:/opt/apache-tomcat/AI2/ollama/models OLLAMA_MULTIUSER_CACHE:false OLLAMA_NEW_ENGINE:false OLLAMA_NOHISTORY:false OLLAMA_NOPRUNE:false OLLAMA_NUM_PARALLEL:0 OLLAMA_ORIGINS:[http://localhost https://localhost http://localhost:* https://localhost:* http://127.0.0.1 https://127.0.0.1 http://127.0.0.1:* https://127.0.0.1:* http://0.0.0.0 https://0.0.0.0 http://0.0.0.0:* https://0.0.0.0:* app://* file://* tauri://* vscode-webview://* vscode-file://*] OLLAMA_SCHED_SPREAD:false ROCR_VISIBLE_DEVICES: http_proxy: https_proxy: no_proxy:]"
time=2025-07-10T15:44:41.807+05:30 level=INFO source=images.go:479 msg="total blobs: 34"
time=2025-07-10T15:44:41.808+05:30 level=INFO source=images.go:486 msg="total unused blobs removed: 0"
time=2025-07-10T15:44:41.809+05:30 level=INFO source=routes.go:1287 msg="Listening on 127.0.0.1:11434 (version 0.9.0)"
time=2025-07-10T15:44:41.809+05:30 level=INFO source=gpu.go:217 msg="looking for compatible GPUs"
time=2025-07-10T15:44:41.812+05:30 level=INFO source=gpu.go:377 msg="no compatible GPUs were discovered"
time=2025-07-10T15:44:41.812+05:30 level=INFO source=types.go:130 msg="inference compute" id=0 library=cpu variant="" compute="" driver=0.0 name="" total="62.3 GiB" available="52.0 GiB"
^C
[root@eispr-prt1-01 ollama]# pwd
/opt/apache-tomcat/AI2/ollama
[root@eispr-prt1-01 ollama]# ll
total 12
-rw-rw-rw- 1 root root 2199 Jul 10 13:49 history
-rw-rw-rw- 1 root root  387 May 22 13:08 id_ed25519
-rw-rw-rw- 1 root root   81 May 22 13:08 id_ed25519.pub
drwxrwxrwx 4 root root   36 May 26 15:04 models
[root@eispr-prt1-01 ollama]# ps -eaf | grep ollama
root     2063482 1153579  0 15:44 pts/0    00:00:00 ollama serve
root     2118989 1153579  0 15:46 pts/0    00:00:00 grep --color=auto ollama
[root@eispr-prt1-01 ollama]# kill -9 2063482
[root@eispr-prt1-01 ollama]# kill -9 2118989
-bash: kill: (2118989) - No such process
[1]+  Killed                  ollama serve
[root@eispr-prt1-01 ollama]# ps -eaf | grep ollama
root     2154066 1153579  0 15:47 pts/0    00:00:00 grep --color=auto ollama
[root@eispr-prt1-01 ollama]# kill -9 2154066
-bash: kill: (2154066) - No such process
[root@eispr-prt1-01 ollama]# ps -eaf | grep ollama
root     2163998 1153579  0 15:48 pts/0    00:00:00 grep --color=auto ollama
[root@eispr-prt1-01 ollama]#
